// Jest Snapshot v1, https://goo.gl/fbAQLP

exports[`Redirect should render correctly 1`] = `
<div
  className="splash"
>
  <Login />
</div>
`;
