// Jest Snapshot v1, https://goo.gl/fbAQLP

exports[`Template should render correctly 1`] = `
<div>
  <button
    onClick={[Function]}
  >
     + 
  </button>
</div>
`;
