// Jest Snapshot v1, https://goo.gl/fbAQLP

exports[`Calendar should render correctly 1`] = `[Function]`;

exports[`Calendar should render days-of-the-week labels 1`] = `
<div>
  <div
    className="calendar"
  >
    <div
      className="header"
    >
      <button
        className="nav prev"
        onClick={[Function]}
        type="button"
      >
        &lt;
      </button>
      <h3
        className="heading"
      >
        Feb 19 2020
      </h3>
      <button
        className="nav nav next"
        onClick={[Function]}
        type="button"
      >
        &gt;
      </button>
    </div>
    <div
      className="labels"
    >
      <span
        key="Sun"
      >
        Sun
      </span>
      <span
        key="Mon"
      >
        Mon
      </span>
      <span
        key="Tue"
      >
        Tue
      </span>
      <span
        key="Wed"
      >
        Wed
      </span>
      <span
        key="Thu"
      >
        Thu
      </span>
      <span
        key="Fri"
      >
        Fri
      </span>
      <span
        key="Sat"
      >
        Sat
      </span>
    </div>
    <div
      className="dates"
    >
      <span
        className="faded"
        key="0"
      />
      <span
        className="faded"
        key="1"
      />
      <span
        className="faded"
        key="2"
      />
      <span
        className="faded"
        key="3"
      />
      <span
        className="faded"
        key="4"
      />
      <span
        className="faded"
        key="5"
      />
      <span
        key="0"
        style={
          Object {
            "color": "inherit",
          }
        }
      >
        1
      </span>
      <span
        key="1"
        style={
          Object {
            "color": "inherit",
          }
        }
      >
        2
      </span>
      <span
        key="2"
        style={
          Object {
            "color": "inherit",
          }
        }
      >
        3
      </span>
      <span
        key="3"
        style={
          Object {
            "color": "inherit",
          }
        }
      >
        4
      </span>
      <span
        key="4"
        style={
          Object {
            "color": "inherit",
          }
        }
      >
        5
      </span>
      <span
        key="5"
        style={
          Object {
            "color": "inherit",
          }
        }
      >
        6
      </span>
      <span
        key="6"
        style={
          Object {
            "color": "inherit",
          }
        }
      >
        7
      </span>
      <span
        key="7"
        style={
          Object {
            "color": "inherit",
          }
        }
      >
        8
      </span>
      <span
        key="8"
        style={
          Object {
            "color": "inherit",
          }
        }
      >
        9
      </span>
      <span
        key="9"
        style={
          Object {
            "color": "inherit",
          }
        }
      >
        10
      </span>
      <span
        key="10"
        style={
          Object {
            "color": "inherit",
          }
        }
      >
        11
      </span>
      <span
        key="11"
        style={
          Object {
            "color": "inherit",
          }
        }
      >
        12
      </span>
      <span
        key="12"
        style={
          Object {
            "color": "inherit",
          }
        }
      >
        13
      </span>
      <span
        key="13"
        style={
          Object {
            "color": "inherit",
          }
        }
      >
        14
      </span>
      <span
        key="14"
        style={
          Object {
            "color": "inherit",
          }
        }
      >
        15
      </span>
      <span
        key="15"
        style={
          Object {
            "color": "inherit",
          }
        }
      >
        16
      </span>
      <span
        key="16"
        style={
          Object {
            "color": "inherit",
          }
        }
      >
        17
      </span>
      <span
        key="17"
        style={
          Object {
            "color": "inherit",
          }
        }
      >
        18
      </span>
      <span
        key="18"
        style={
          Object {
            "color": "indianred",
          }
        }
      >
        19
      </span>
      <span
        key="19"
        style={
          Object {
            "color": "inherit",
          }
        }
      >
        20
      </span>
      <span
        key="20"
        style={
          Object {
            "color": "inherit",
          }
        }
      >
        21
      </span>
      <span
        key="21"
        style={
          Object {
            "color": "inherit",
          }
        }
      >
        22
      </span>
      <span
        key="22"
        style={
          Object {
            "color": "inherit",
          }
        }
      >
        23
      </span>
      <span
        key="23"
        style={
          Object {
            "color": "inherit",
          }
        }
      >
        24
      </span>
      <span
        key="24"
        style={
          Object {
            "color": "inherit",
          }
        }
      >
        25
      </span>
      <span
        key="25"
        style={
          Object {
            "color": "inherit",
          }
        }
      >
        26
      </span>
      <span
        key="26"
        style={
          Object {
            "color": "inherit",
          }
        }
      >
        27
      </span>
      <span
        key="27"
        style={
          Object {
            "color": "inherit",
          }
        }
      >
        28
      </span>
      <span
        key="28"
        style={
          Object {
            "color": "inherit",
          }
        }
      >
        29
      </span>
    </div>
  </div>
</div>
`;
